rach@Stretch64:~/Documents/WILD CODE SCHOOL/Quest$ git pull origin master
Depuis https://github.com/rachOS/WCS_quest_2020
 * branch            master     -> FETCH_HEAD
Mise à jour e2042b1..e15bc17
error: Vos modifications locales aux fichiers suivants seraient écrasées par la fusion :
	README.txt
Veuillez valider ou remiser vos modifications avant la fusion.
Abandon
rach@Stretch64:~/Documents/WILD CODE SCHOOL/Quest$ nano README.txt 
rach@Stretch64:~/Documents/WILD CODE SCHOOL/WCS_quest_2020$ git pull origin master
Depuis https://github.com/rachOS/WCS_quest_2020
 * branch            master     -> FETCH_HEAD
Mise à jour e2042b1..e15bc17
error: Vos modifications locales aux fichiers suivants seraient écrasées par la fusion :
	README.txt
Veuillez valider ou remiser vos modifications avant la fusion.
Abandon
rach@Stretch64:~/Documents/WILD CODE SCHOOL/WCS_quest_2020$ nano README.txt 
rach@Stretch64:~/Documents/WILD CODE SCHOOL/WCS_quest_2020$ git status
Sur la branche master
Modifications qui ne seront pas validées :
  (utilisez "git add <fichier>..." pour mettre à jour ce qui sera validé)
  (utilisez "git checkout -- <fichier>..." pour annuler les modifications dans la copie de travail)

	modifié :         README.txt

aucune modification n'a été ajoutée à la validation (utilisez "git add" ou "git commit -a")
rach@Stretch64:~/Documents/WILD CODE SCHOOL/WCS_quest_2020$ git add README.txt 
rach@Stretch64:~/Documents/WILD CODE SCHOOL/WCS_quest_2020$ git commit -m "adding LOCAL for the 04-GIT conflit! quest" 
[master 0602e18] adding LOCAL for the 04-GIT conflit! quest
 1 file changed, 1 insertion(+)
rach@Stretch64:~/Documents/WILD CODE SCHOOL/WCS_quest_2020$ git pull origin master
Depuis https://github.com/rachOS/WCS_quest_2020
 * branch            master     -> FETCH_HEAD
Fusion automatique de README.txt
CONFLIT (contenu) : Conflit de fusion dans README.txt
La fusion automatique a échoué ; réglez les conflits et validez le résultat.
rach@Stretch64:~/Documents/WILD CODE SCHOOL/WCS_quest_2020$ nano README.txt 
rach@Stretch64:~/Documents/WILD CODE SCHOOL/WCS_quest_2020$ nano README.txt 
rach@Stretch64:~/Documents/WILD CODE SCHOOL/WCS_quest_2020$ git push origin master
Username for 'https://github.com': rachOS
Password for 'https://rachOS@github.com': 
To https://github.com/rachOS/WCS_quest_2020.git
 ! [rejected]        master -> master (non-fast-forward)
error: impossible de pousser des références vers 'https://github.com/rachOS/WCS_quest_2020.git'
astuce: Les mises à jour ont été rejetées car la pointe de la branche courante est derrière
astuce: son homologue distant. Intégrez les changements distants (par exemple 'git pull ...')
astuce: avant de pousser à nouveau.
astuce: Voir la 'Note à propos des avances rapides' dans 'git push --help' pour plus d'information.
rach@Stretch64:~/Documents/WILD CODE SCHOOL/WCS_quest_2020$ git status
Sur la branche master
Vous avez des chemins non fusionnés.
  (réglez les conflits puis lancez "git commit")
  (utilisez "git merge --abort" pour annuler la fusion)

Chemins non fusionnés :
  (utilisez "git add <fichier>..." pour marquer comme résolu)

	modifié des deux côtés :  README.txt

aucune modification n'a été ajoutée à la validation (utilisez "git add" ou "git commit -a")
rach@Stretch64:~/Documents/WILD CODE SCHOOL/WCS_quest_2020$ git add README.txt 
rach@Stretch64:~/Documents/WILD CODE SCHOOL/WCS_quest_2020$ git commit -m "conflict done!" 
[master ead8698] conflict done!
rach@Stretch64:~/Documents/WILD CODE SCHOOL/WCS_quest_2020$ git push origin master
Username for 'https://github.com': rachOS
Password for 'https://rachOS@github.com': 
Énumération des objets: 8, fait.
Décompte des objets: 100% (8/8), fait.
Compression par delta en utilisant jusqu'à 4 fils d'exécution
Compression des objets: 100% (3/3), fait.
Écriture des objets: 100% (4/4), 484 bytes | 484.00 KiB/s, fait.
Total 4 (delta 1), réutilisés 0 (delta 0)
remote: Resolving deltas: 100% (1/1), completed with 1 local object.
To https://github.com/rachOS/WCS_quest_2020.git
   e15bc17..ead8698  master -> master
rach@Stretch64:~/Documents/WILD CODE SCHOOL/WCS_quest_2020$ 
